Microchip MPLAB XC8 Compiler V2.31

Linker command line:

-W-3 --edf=C:\Program Files\Microchip\xc8\v2.31\pic\dat\en_msgs.txt -cn \
  -h+dist/default/production\PIC18F46K22_LoRA_UVVIS_V5.X.production.sym \
  --cmf=dist/default/production\PIC18F46K22_LoRA_UVVIS_V5.X.production.cmf \
  -z -Q18F46K22 -oC:\Users\andym\AppData\Local\Temp\sd78.2 \
  --defsym=__MPLAB_BUILD=1 \
  -Mdist/default/production/PIC18F46K22_LoRA_UVVIS_V5.X.production.map -E1 \
  -ver=XC8 Compiler --acfsm=1493 -ASTACK=0CBh-0F37h -pstack=STACK \
  -ACODE=00h-0FFFFh -ACONST=00h-0FFFFh -ASMALLCONST=01000h-010FFhx240 \
  -AMEDIUMCONST=01000h-0FFFFh -ACOMRAM=01h-05Fh -AABS1=00h-0F37h \
  -ABIGRAM=01h-0F37h -ARAM=060h-0FFh,0100h-01FFhx14,0F00h-0F37h \
  -ABANK0=060h-0FFh -ABANK1=0100h-01FFh -ABANK2=0200h-02FFh \
  -ABANK3=0300h-03FFh -ABANK4=0400h-04FFh -ABANK5=0500h-05FFh \
  -ABANK6=0600h-06FFh -ABANK7=0700h-07FFh -ABANK8=0800h-08FFh \
  -ABANK9=0900h-09FFh -ABANK10=0A00h-0AFFh -ABANK11=0B00h-0BFFh \
  -ABANK12=0C00h-0CFFh -ABANK13=0D00h-0DFFh -ABANK14=0E00h-0EFFh \
  -ABANK15=0F00h-0F37h -ASFR=0F38h-0F5Fh,0F60h-0FFFh \
  -ACONFIG=0300000h-030000Dh -AIDLOC=0200000h-0200007h \
  -AEEDATA=0F00000h-0F003FFh -peeprom_data=EEDATA \
  -preset_vec=00h,intcode,intcodelo,powerup,init -pramtop=01000h \
  -psmallconst=SMALLCONST -pmediumconst=MEDIUMCONST -pconst=CONST \
  -AFARRAM=00h-00h \
  -prdata=COMRAM,nvrram=COMRAM,nvbit=COMRAM,rbss=COMRAM,rbit=COMRAM \
  -pfarbss=FARRAM,fardata=FARRAM,nvFARRAM=FARRAM \
  -pintsave_regs=BIGRAM,bigbss=BIGRAM,bigdata=BIGRAM -pbss=RAM \
  -pidata=CODE,irdata=CODE,ibigdata=CODE,ifardata=CODE -prparam=COMRAM \
  C:\Users\andym\AppData\Local\Temp\sd78.o \
  dist/default/production\PIC18F46K22_LoRA_UVVIS_V5.X.production.o 

Object code version is 3.11

Machine type is 18F46K22



                Name                               Link     Load   Length Selector   Space Scale
C:\Users\andym\AppData\Local\Temp\sd78.o
                idloc                            200000   200000        8        0       5
                config                           300000   300000        E        0       4
                init                                  0        0        4        0       0
dist/default/production\PIC18F46K22_LoRA_UVVIS_V5.X.production.o
                idloc                            200000   200000        8        0       5
                config                           300000   300000        E        0       4
                mediumconst                        FC4C     FC4C      3B4     7E26       0
                text65                             D4CE     D4CE       3A     6A67       0
                text64                             DA36     DA36       82     6D1B       0
                text63                             D77A     D77A       56     6BBD       0
                text62                             D828     D828       5E     6C14       0
                text61                             D2B0     D2B0       20     6958       0
                text60                             D188     D188        8     68C4       0
                text59                             D190     D190        8     68C8       0
                text58                             D368     D368       2A     69B4       0
                text57                             D3E6     D3E6       2C     69F3       0
                text56                             D292     D292       1E     6949       0
                text55                             D20A     D20A       14     6905       0
                text54                             D246     D246       18     6923       0
                text53                             D1BA     D1BA        C     68DD       0
                text52                             D49A     D49A       34     6A4D       0
                text51                             D5C4     D5C4       46     6AE2       0
                text50                             D392     D392       2A     69C9       0
                text49                             D43E     D43E       2E     6A1F       0
                text48                             D2F4     D2F4       26     697A       0
                text47                             D198     D198        8     68CC       0
                text46                             D580     D580       44     6AC0       0
                text45                             D72C     D72C       4E     6B96       0
                text44                             D412     D412       2C     6A09       0
                text43                             D1DE     D1DE        E     68EF       0
                text42                             D7D0     D7D0       58     6BE8       0
                text41                             D542     D542       3E     6AA1       0
                text40                             D1C6     D1C6        C     68E3       0
                text39                             D2D0     D2D0       24     6968       0
                text38                             E764     E764      288     73B2       0
                text37                             E234     E234      140     711A       0
                text36                             DC80     DC80       CC     6E40       0
                text35                             D1D2     D1D2        C     68E9       0
                text34                             D1A0     D1A0        8     68D0       0
                text33                             D1EC     D1EC        E     68F6       0
                text32                             D21E     D21E       14     690F       0
                text31                             D25E     D25E       1A     692F       0
                text30                             D232     D232       14     6919       0
                text29                             E374     E374      186     71BA       0
                text28                             D340     D340       28     69A0       0
                text27                             ECF8     ECF8      32C     767C       0
                text26                             DBC6     DBC6       BA     6DE3       0
                text25                             D9C2     D9C2       74     6CE1       0
                text24                             D886     D886       66     6C43       0
                text23                             DB3C     DB3C       8A     6D9E       0
                text22                             DD4C     DD4C       D0     6EA6       0
                text21                             D46C     D46C       2E     6A36       0
                text20                             E9EC     E9EC      30C     74F6       0
                text19                             D60A     D60A       46     6B05       0
                text18                             D8EC     D8EC       66     6C76       0
                text17                             D31A     D31A       26     698D       0
                text16                             DE1C     DE1C       F4     6F0E       0
                text15                             E00A     E00A       FE     7005       0
                text14                             D508     D508       3A     6A84       0
                text13                             D3BC     D3BC       2A     69DE       0
                text12                             E4FA     E4FA      26A     727D       0
                text11                             D1FA     D1FA       10     68FD       0
                text10                             DAB8     DAB8       84     6D5C       0
                text9                              D952     D952       70     6CA9       0
                text8                              F024     F024      3D0     7812       0
                text7                              F3F4     F3F4      858     79FA       0
                text6                              D278     D278       1A     693C       0
                text5                              D698     D698       4A     6B4C       0
                text4                              E108     E108      12C     7084       0
                text3                              D182     D182        6     68C1       0
                text2                              D650     D650       48     6B28       0
                text1                              D1B0     D1B0        A     68D8       0
                text0                              DF10     DF10       FA     6F88       0
                cstackCOMRAM                          1        1       5D        1       1
                cstackBANK0                          A4       A4       1F       60       1
                dataBANK0                            C3       C3        8       60       1
                bssBANK0                             60       60       44       60       1
                dataCOMRAM                           5F       5F        1        1       1
                bssCOMRAM                            5E       5E        1        1       1
                cinit                              D6E2     D6E2       4A     6B71       0
                idataBANK0                         D1A8     D1A8        8     D1A8       0
                idataCOMRAM                        D181     D181        1     D181       0

TOTAL           Name                               Link     Load   Length     Space
        CLASS   STACK          

        CLASS   CODE           
                init                                  0        0        4         0
                text65                             D4CE     D4CE       3A         0
                text64                             DA36     DA36       82         0
                text63                             D77A     D77A       56         0
                text62                             D828     D828       5E         0
                text61                             D2B0     D2B0       20         0
                text60                             D188     D188        8         0
                text59                             D190     D190        8         0
                text58                             D368     D368       2A         0
                text57                             D3E6     D3E6       2C         0
                text56                             D292     D292       1E         0
                text55                             D20A     D20A       14         0
                text54                             D246     D246       18         0
                text53                             D1BA     D1BA        C         0
                text52                             D49A     D49A       34         0
                text51                             D5C4     D5C4       46         0
                text50                             D392     D392       2A         0
                text49                             D43E     D43E       2E         0
                text48                             D2F4     D2F4       26         0
                text47                             D198     D198        8         0
                text46                             D580     D580       44         0
                text45                             D72C     D72C       4E         0
                text44                             D412     D412       2C         0
                text43                             D1DE     D1DE        E         0
                text42                             D7D0     D7D0       58         0
                text41                             D542     D542       3E         0
                text40                             D1C6     D1C6        C         0
                text39                             D2D0     D2D0       24         0
                text38                             E764     E764      288         0
                text37                             E234     E234      140         0
                text36                             DC80     DC80       CC         0
                text35                             D1D2     D1D2        C         0
                text34                             D1A0     D1A0        8         0
                text33                             D1EC     D1EC        E         0
                text32                             D21E     D21E       14         0
                text31                             D25E     D25E       1A         0
                text30                             D232     D232       14         0
                text29                             E374     E374      186         0
                text28                             D340     D340       28         0
                text27                             ECF8     ECF8      32C         0
                text26                             DBC6     DBC6       BA         0
                text25                             D9C2     D9C2       74         0
                text24                             D886     D886       66         0
                text23                             DB3C     DB3C       8A         0
                text22                             DD4C     DD4C       D0         0
                text21                             D46C     D46C       2E         0
                text20                             E9EC     E9EC      30C         0
                text19                             D60A     D60A       46         0
                text18                             D8EC     D8EC       66         0
                text17                             D31A     D31A       26         0
                text16                             DE1C     DE1C       F4         0
                text15                             E00A     E00A       FE         0
                text14                             D508     D508       3A         0
                text13                             D3BC     D3BC       2A         0
                text12                             E4FA     E4FA      26A         0
                text11                             D1FA     D1FA       10         0
                text10                             DAB8     DAB8       84         0
                text9                              D952     D952       70         0
                text8                              F024     F024      3D0         0
                text7                              F3F4     F3F4      858         0
                text6                              D278     D278       1A         0
                text5                              D698     D698       4A         0
                text4                              E108     E108      12C         0
                text3                              D182     D182        6         0
                text2                              D650     D650       48         0
                text1                              D1B0     D1B0        A         0
                text0                              DF10     DF10       FA         0
                cinit                              D6E2     D6E2       4A         0
                idataBANK0                         D1A8     D1A8        8         0
                idataCOMRAM                        D181     D181        1         0

        CLASS   CONST          

        CLASS   SMALLCONST     

        CLASS   MEDIUMCONST    
                mediumconst                        FC4C     FC4C      3B4         0

        CLASS   COMRAM         
                cstackCOMRAM                          1        1       5D         1
                dataCOMRAM                           5F       5F        1         1
                bssCOMRAM                            5E       5E        1         1

        CLASS   ABS1           

        CLASS   BIGRAM         

        CLASS   RAM            

        CLASS   BANK0          
                cstackBANK0                          A4       A4       1F         1
                dataBANK0                            C3       C3        8         1
                bssBANK0                             60       60       44         1

        CLASS   BANK1          

        CLASS   BANK2          

        CLASS   BANK3          

        CLASS   BANK4          

        CLASS   BANK5          

        CLASS   BANK6          

        CLASS   BANK7          

        CLASS   BANK8          

        CLASS   BANK9          

        CLASS   BANK10         

        CLASS   BANK11         

        CLASS   BANK12         

        CLASS   BANK13         

        CLASS   BANK14         

        CLASS   BANK15         

        CLASS   SFR            

        CLASS   CONFIG         
                config                           300000   300000        E         4

        CLASS   IDLOC          
                idloc                            200000   200000        8         5

        CLASS   EEDATA         

        CLASS   FARRAM         



SEGMENTS        Name                           Load    Length   Top    Selector   Space  Class

                reset_vec                      000000  000004  000004         0       0  CODE    
                cstackCOMRAM                   000001  00005F  000060         1       1  COMRAM  
                bssBANK0                       000060  00006B  0000CB        60       1  BANK0   
                idataCOMRAM                    00D181  000001  00D182      D181       0  CODE    
                text3                          00D182  000006  00D188      68C1       0  CODE    
                text60                         00D188  000008  00D190      68C4       0  CODE    
                text59                         00D190  000008  00D198      68C8       0  CODE    
                text47                         00D198  000008  00D1A0      68CC       0  CODE    
                text34                         00D1A0  000008  00D1A8      68D0       0  CODE    
                idataBANK0                     00D1A8  000008  00D1B0      D1A8       0  CODE    
                text1                          00D1B0  00000A  00D1BA      68D8       0  CODE    
                text53                         00D1BA  00000C  00D1C6      68DD       0  CODE    
                text40                         00D1C6  00000C  00D1D2      68E3       0  CODE    
                text35                         00D1D2  00000C  00D1DE      68E9       0  CODE    
                text43                         00D1DE  00000E  00D1EC      68EF       0  CODE    
                text33                         00D1EC  00000E  00D1FA      68F6       0  CODE    
                text11                         00D1FA  000010  00D20A      68FD       0  CODE    
                text55                         00D20A  000014  00D21E      6905       0  CODE    
                text32                         00D21E  000014  00D232      690F       0  CODE    
                text30                         00D232  000014  00D246      6919       0  CODE    
                text54                         00D246  000018  00D25E      6923       0  CODE    
                text31                         00D25E  00001A  00D278      692F       0  CODE    
                text6                          00D278  00001A  00D292      693C       0  CODE    
                text56                         00D292  00001E  00D2B0      6949       0  CODE    
                text61                         00D2B0  000020  00D2D0      6958       0  CODE    
                text39                         00D2D0  000024  00D2F4      6968       0  CODE    
                text48                         00D2F4  000026  00D31A      697A       0  CODE    
                text17                         00D31A  000026  00D340      698D       0  CODE    
                text28                         00D340  000028  00D368      69A0       0  CODE    
                text58                         00D368  00002A  00D392      69B4       0  CODE    
                text50                         00D392  00002A  00D3BC      69C9       0  CODE    
                text13                         00D3BC  00002A  00D3E6      69DE       0  CODE    
                text57                         00D3E6  00002C  00D412      69F3       0  CODE    
                text44                         00D412  00002C  00D43E      6A09       0  CODE    
                text49                         00D43E  00002E  00D46C      6A1F       0  CODE    
                text21                         00D46C  00002E  00D49A      6A36       0  CODE    
                text52                         00D49A  000034  00D4CE      6A4D       0  CODE    
                text65                         00D4CE  00003A  00D508      6A67       0  CODE    
                text14                         00D508  00003A  00D542      6A84       0  CODE    
                text41                         00D542  00003E  00D580      6AA1       0  CODE    
                text46                         00D580  000044  00D5C4      6AC0       0  CODE    
                text51                         00D5C4  000046  00D60A      6AE2       0  CODE    
                text19                         00D60A  000046  00D650      6B05       0  CODE    
                text2                          00D650  000048  00D698      6B28       0  CODE    
                text5                          00D698  00004A  00D6E2      6B4C       0  CODE    
                cinit                          00D6E2  00004A  00D72C      6B71       0  CODE    
                text45                         00D72C  00004E  00D77A      6B96       0  CODE    
                text63                         00D77A  000056  00D7D0      6BBD       0  CODE    
                text42                         00D7D0  000058  00D828      6BE8       0  CODE    
                text62                         00D828  00005E  00D886      6C14       0  CODE    
                text24                         00D886  000066  00D8EC      6C43       0  CODE    
                text18                         00D8EC  000066  00D952      6C76       0  CODE    
                text9                          00D952  000070  00D9C2      6CA9       0  CODE    
                text25                         00D9C2  000074  00DA36      6CE1       0  CODE    
                text64                         00DA36  000082  00DAB8      6D1B       0  CODE    
                text10                         00DAB8  000084  00DB3C      6D5C       0  CODE    
                text23                         00DB3C  00008A  00DBC6      6D9E       0  CODE    
                text26                         00DBC6  0000BA  00DC80      6DE3       0  CODE    
                text36                         00DC80  0000CC  00DD4C      6E40       0  CODE    
                text22                         00DD4C  0000D0  00DE1C      6EA6       0  CODE    
                text16                         00DE1C  0000F4  00DF10      6F0E       0  CODE    
                text0                          00DF10  0000FA  00E00A      6F88       0  CODE    
                text15                         00E00A  0000FE  00E108      7005       0  CODE    
                text4                          00E108  00012C  00E234      7084       0  CODE    
                text37                         00E234  000140  00E374      711A       0  CODE    
                text29                         00E374  000186  00E4FA      71BA       0  CODE    
                text12                         00E4FA  00026A  00E764      727D       0  CODE    
                text38                         00E764  000288  00E9EC      73B2       0  CODE    
                text20                         00E9EC  00030C  00ECF8      74F6       0  CODE    
                text27                         00ECF8  00032C  00F024      767C       0  CODE    
                text8                          00F024  0003D0  00F3F4      7812       0  CODE    
                text7                          00F3F4  000858  00FC4C      79FA       0  CODE    
                mediumconst                    00FC4C  0003B4  010000      7E26       0  MEDIUMCO


UNUSED ADDRESS RANGES

        Name                Unused          Largest block    Delta
        BANK0            0000CB-0000FF               35
        BANK1            000100-0001FF              100
        BANK10           000A00-000AFF              100
        BANK11           000B00-000BFF              100
        BANK12           000C00-000CFF              100
        BANK13           000D00-000DFF              100
        BANK14           000E00-000EFF              100
        BANK15           000F00-000F37               38
        BANK2            000200-0002FF              100
        BANK3            000300-0003FF              100
        BANK4            000400-0004FF              100
        BANK5            000500-0005FF              100
        BANK6            000600-0006FF              100
        BANK7            000700-0007FF              100
        BANK8            000800-0008FF              100
        BANK9            000900-0009FF              100
        BIGRAM           0000CB-000F37              E6D
        CODE             000004-00D180             D17D
        CONST            000004-00D180             D17D
        EEDATA           F00000-F003FF              400
        MEDIUMCONST      001000-00D180             C181
        RAM              0000CB-000F37              100
        SFR              000F38-000FFF               28
        SMALLCONST       001000-00D180              100
        STACK            0000CB-000F37              E6D

                                  Symbol Table

?_BH1750ReadValue                            cstackCOMRAM 000005
?_CRC16                                      cstackCOMRAM 000001
?_LoRaGetFrequency                           cstackCOMRAM 000028
?___awdiv                                    cstackCOMRAM 000007
?___awmod                                    cstackCOMRAM 000001
?___fladd                                    cstackCOMRAM 000037
?___fldiv                                    cstackCOMRAM 00000F
?___flmul                                    cstackCOMRAM 00000F
?___flneg                                    cstackCOMRAM 000001
?___flsub                                    cstackCOMRAM 000047
?___fltol                                    cstackCOMRAM 000031
?___lldiv                                    cstackCOMRAM 000001
?___llmod                                    cstackCOMRAM 00000E
?___wmul                                     cstackCOMRAM 000001
?___xxtofl                                   cstackCOMRAM 000001
?__div_to_l_                                 cstackCOMRAM 000001
?__tdiv_to_l_                                cstackCOMRAM 000001
?_fround                                     cstackCOMRAM 000028
?_printf                                     cstackCOMRAM 00004F
?_readBattery                                cstackCOMRAM 000001
?_readTemperature                            cstackCOMRAM 000001
?_readVEML6075                               cstackCOMRAM 000005
?_scale                                      cstackCOMRAM 000028
BH1750ReadValue@lsb                          cstackCOMRAM 00000A
BH1750ReadValue@msb                          cstackCOMRAM 000009
BH1750WriteCommand@address                   cstackCOMRAM 000006
BH1750WriteCommand@command                   cstackCOMRAM 000005
CRC16@nData                                  cstackCOMRAM 000001
CRC16@nTemp                                  cstackCOMRAM 000006
CRC16@wCRCTable                              mediumconst  00FC4D
CRC16@wCRCWord                               cstackCOMRAM 000007
CRC16@wLength                                cstackCOMRAM 000002
I2C1_Check_Data_Stuck@i                      cstackCOMRAM 000002
I2C1_Initialize@c                            cstackCOMRAM 00000E
I2C1_Read_Byte@a                             cstackCOMRAM 000003
I2C1_Read_Byte@temp                          cstackCOMRAM 000004
I2C1_Wait@tries                              cstackCOMRAM 000002
I2C1_Write_Byte_Read_Ack@d                   cstackCOMRAM 000003
I2C1_Write_Byte_Read_Ack@tries               cstackCOMRAM 000004
LoRaGetFrequency@freqMHz                     cstackCOMRAM 00003C
LoRaGetFrequency@intermediate                cstackCOMRAM 000038
LoRaGetFrequency@lsb                         cstackCOMRAM 000042
LoRaGetFrequency@mid                         cstackCOMRAM 000041
LoRaGetFrequency@msb                         cstackCOMRAM 000040
LoRaGetIRQFlags@regValue                     cstackCOMRAM 000003
LoRaOptimalLoad@syncWord                     cstackCOMRAM 000007
LoRaSetFrequency@freqMHz                     cstackCOMRAM 00003B
LoRaSetFrequency@intermediate                cstackCOMRAM 000042
LoRaSetFrequency@lsb                         cstackCOMRAM 000041
LoRaSetFrequency@mid                         cstackCOMRAM 000040
LoRaSetFrequency@msb                         cstackCOMRAM 00003F
LoRaSleepMode@regValue                       cstackCOMRAM 000005
LoRaStandbyMode@regValue                     cstackCOMRAM 000005
LoRaStart@freq                               cstackCOMRAM 000046
LoRaStart@syncWord                           cstackCOMRAM 00004A
LoRaTXData@data                              cstackCOMRAM 000058
LoRaTXData@dataLength                        cstackCOMRAM 000059
LoRaTXData@i                                 cstackCOMRAM 00005A
LoRaTXMode@regValue                          cstackCOMRAM 000057
SPI2ReadByte@address                         cstackCOMRAM 000001
SPI2ReadByte@dataByte                        cstackCOMRAM 000002
SPI2WriteByte@address                        cstackCOMRAM 000003
SPI2WriteByte@data                           cstackCOMRAM 000001
USART2_Start@baudrate                        cstackCOMRAM 000001
VEML6075Start@configLSB                      cstackCOMRAM 000009
_ACKDT1                                      (abs)        007E2D
_ACKEN1                                      (abs)        007E2C
_ADCON0bits                                  (abs)        000FC2
_ADCON1bits                                  (abs)        000FC1
_ADCON2bits                                  (abs)        000FC0
_ADRESH                                      (abs)        000FC4
_ADRESL                                      (abs)        000FC3
_ANSELAbits                                  (abs)        000F38
_ANSELBbits                                  (abs)        000F39
_ANSELCbits                                  (abs)        000F3A
_ANSELDbits                                  (abs)        000F3B
_ANSELEbits                                  (abs)        000F3C
_BAUDCON2bits                                (abs)        000F70
_BH1750ReadValue                             text44       00D412
_BH1750WriteCommand                          text54       00D246
_CRC16                                       text42       00D7D0
_I2C1_Check_Data_Stuck                       text65       00D4CE
_I2C1_Initialize                             text63       00D77A
_I2C1_Read_Byte                              text48       00D2F4
_I2C1_Repeated_Start                         text47       00D198
_I2C1_Start                                  text60       00D188
_I2C1_Stop                                   text59       00D190
_I2C1_Wait                                   text61       00D2B0
_I2C1_Write_Byte_Read_Ack                    text58       00D368
_LATA                                        (abs)        000F89
_LATAbits                                    (abs)        000F89
_LATB                                        (abs)        000F8A
_LATC                                        (abs)        000F8B
_LATCbits                                    (abs)        000F8B
_LATD                                        (abs)        000F8C
_LATDbits                                    (abs)        000F8C
_LATE                                        (abs)        000F8D
_LATEbits                                    (abs)        000F8D
_LoRaClearIRQFlags                           text40       00D1C6
_LoRaGetFrequency                            text36       00DC80
_LoRaGetIRQFlags                             text35       00D1D2
_LoRaOptimalLoad                             text29       00E374
_LoRaReset                                   text28       00D340
_LoRaSetFrequency                            text25       00D9C2
_LoRaSleepMode                               text32       00D21E
_LoRaStandbyMode                             text31       00D25E
_LoRaStart                                   text24       00D886
_LoRaTXData                                  text5        00D698
_LoRaTXMode                                  text6        00D278
_PIR1bits                                    (abs)        000F9E
_PMD0                                        (abs)        000F3F
_PMD0bits                                    (abs)        000F3F
_PMD1                                        (abs)        000F3E
_PMD1bits                                    (abs)        000F3E
_PMD2                                        (abs)        000F3D
_PMD2bits                                    (abs)        000F3D
_PORTCbits                                   (abs)        000F82
_RCEN1                                       (abs)        007E2B
_RCSTA2bits                                  (abs)        000F71
_SPBRG2                                      (abs)        000F75
_SPBRGH2                                     (abs)        000F76
_SPI2ReadByte                                text39       00D2D0
_SPI2WriteByte                               text41       00D542
_SSP1ADD                                     (abs)        000FC8
_SSP1BUF                                     (abs)        000FC9
_SSP1CON1                                    (abs)        000FC6
_SSP1CON2                                    (abs)        000FC5
_SSP1CON2bits                                (abs)        000FC5
_SSP1STAT                                    (abs)        000FC7
_SSP2BUF                                     (abs)        000F6F
_SSP2CON1bits                                (abs)        000F6C
_SSP2IF                                      (abs)        007D27
_SSP2STATbits                                (abs)        000F6D
_SSPBUF                                      (abs)        000FC9
_TRISA                                       (abs)        000F92
_TRISAbits                                   (abs)        000F92
_TRISB                                       (abs)        000F93
_TRISC                                       (abs)        000F94
_TRISCbits                                   (abs)        000F94
_TRISD                                       (abs)        000F95
_TRISDbits                                   (abs)        000F95
_TRISE                                       (abs)        000F96
_TRISEbits                                   (abs)        000F96
_TRMT2                                       (abs)        007B91
_TXREG2                                      (abs)        000F73
_TXSTA2bits                                  (abs)        000F72
_USART2_Start                                text62       00D828
_USART2_Stop                                 text3        00D182
_VEML6075Start                               text56       00D292
_VREFCON0bits                                (abs)        000F42
__HRAM                                       (abs)        000000
__Habs1                                      abs1         000000
__Hbank0                                     bank0        000000
__Hbank1                                     bank1        000000
__Hbank10                                    bank10       000000
__Hbank11                                    bank11       000000
__Hbank12                                    bank12       000000
__Hbank13                                    bank13       000000
__Hbank14                                    bank14       000000
__Hbank15                                    bank15       000000
__Hbank2                                     bank2        000000
__Hbank3                                     bank3        000000
__Hbank4                                     bank4        000000
__Hbank5                                     bank5        000000
__Hbank6                                     bank6        000000
__Hbank7                                     bank7        000000
__Hbank8                                     bank8        000000
__Hbank9                                     bank9        000000
__Hbigbss                                    bigbss       000000
__Hbigdata                                   bigdata      000000
__Hbigram                                    bigram       000000
__Hbss                                       bss          000000
__HbssBANK0                                  bssBANK0     000000
__HbssCOMRAM                                 bssCOMRAM    000000
__Hcinit                                     cinit        000000
__Hclrtext                                   clrtext      000000
__Hcomram                                    comram       000000
__Hconfig                                    config       30000E
__Hconst                                     const        000000
__HcstackBANK0                               cstackBANK0  000000
__HcstackCOMRAM                              cstackCOMRAM 000000
__Hdata                                      data         000000
__HdataBANK0                                 dataBANK0    000000
__HdataCOMRAM                                dataCOMRAM   000000
__Heeprom_data                               eeprom_data  000000
__Hfarbss                                    farbss       000000
__Hfardata                                   fardata      000000
__Hibigdata                                  ibigdata     000000
__Hidata                                     idata        000000
__HidataBANK0                                idataBANK0   000000
__HidataCOMRAM                               idataCOMRAM  000000
__Hidloc                                     idloc        200008
__Hifardata                                  ifardata     000000
__Hinit                                      init         000004
__Hintcode                                   intcode      000000
__Hintcode_body                              intcode_body 000000
__Hintcodelo                                 intcodelo    000000
__Hintentry                                  intentry     000000
__Hintret                                    intret       000000
__Hintsave_regs                              intsave_regs 000000
__Hirdata                                    irdata       000000
__Hmediumconst                               mediumconst  010000
__HnvFARRAM                                  nvFARRAM     000000
__Hnvbit                                     nvbit        000000
__Hnvrram                                    nvrram       000000
__Hparam                                     rparam       000000
__Hpowerup                                   powerup      000000
__Hram                                       ram          000000
__Hramtop                                    ramtop       001000
__Hrbit                                      rbit         000000
__Hrbss                                      rbss         000000
__Hrdata                                     rdata        000000
__Hreset_vec                                 reset_vec    000000
__Hrparam                                    rparam       000000
__Hsfr                                       sfr          000000
__Hsmallconst                                smallconst   000000
__Hspace_0                                   (abs)        010000
__Hspace_1                                   (abs)        0000CB
__Hspace_2                                   (abs)        000000
__Hspace_4                                   (abs)        60000E
__Hstack                                     stack        000000
__Hstruct                                    struct       000000
__Htemp                                      temp         000000
__Htext                                      text         000000
__Htext0                                     text0        000000
__Htext1                                     text1        000000
__Htext10                                    text10       000000
__Htext11                                    text11       000000
__Htext12                                    text12       000000
__Htext13                                    text13       000000
__Htext14                                    text14       000000
__Htext15                                    text15       000000
__Htext16                                    text16       000000
__Htext17                                    text17       000000
__Htext18                                    text18       000000
__Htext19                                    text19       000000
__Htext2                                     text2        000000
__Htext20                                    text20       000000
__Htext21                                    text21       000000
__Htext22                                    text22       000000
__Htext23                                    text23       000000
__Htext24                                    text24       000000
__Htext25                                    text25       000000
__Htext26                                    text26       000000
__Htext27                                    text27       000000
__Htext28                                    text28       000000
__Htext29                                    text29       000000
__Htext3                                     text3        000000
__Htext30                                    text30       000000
__Htext31                                    text31       000000
__Htext32                                    text32       000000
__Htext33                                    text33       000000
__Htext34                                    text34       000000
__Htext35                                    text35       000000
__Htext36                                    text36       000000
__Htext37                                    text37       000000
__Htext38                                    text38       000000
__Htext39                                    text39       000000
__Htext4                                     text4        000000
__Htext40                                    text40       000000
__Htext41                                    text41       000000
__Htext42                                    text42       000000
__Htext43                                    text43       000000
__Htext44                                    text44       000000
__Htext45                                    text45       000000
__Htext46                                    text46       000000
__Htext47                                    text47       000000
__Htext48                                    text48       000000
__Htext49                                    text49       000000
__Htext5                                     text5        000000
__Htext50                                    text50       000000
__Htext51                                    text51       000000
__Htext52                                    text52       000000
__Htext53                                    text53       000000
__Htext54                                    text54       000000
__Htext55                                    text55       000000
__Htext56                                    text56       000000
__Htext57                                    text57       000000
__Htext58                                    text58       000000
__Htext59                                    text59       000000
__Htext6                                     text6        000000
__Htext60                                    text60       000000
__Htext61                                    text61       000000
__Htext62                                    text62       000000
__Htext63                                    text63       000000
__Htext64                                    text64       000000
__Htext65                                    text65       000000
__Htext7                                     text7        000000
__Htext8                                     text8        000000
__Htext9                                     text9        000000
__LRAM                                       (abs)        000001
__Labs1                                      abs1         000000
__Lbank0                                     bank0        000000
__Lbank1                                     bank1        000000
__Lbank10                                    bank10       000000
__Lbank11                                    bank11       000000
__Lbank12                                    bank12       000000
__Lbank13                                    bank13       000000
__Lbank14                                    bank14       000000
__Lbank15                                    bank15       000000
__Lbank2                                     bank2        000000
__Lbank3                                     bank3        000000
__Lbank4                                     bank4        000000
__Lbank5                                     bank5        000000
__Lbank6                                     bank6        000000
__Lbank7                                     bank7        000000
__Lbank8                                     bank8        000000
__Lbank9                                     bank9        000000
__Lbigbss                                    bigbss       000000
__Lbigdata                                   bigdata      000000
__Lbigram                                    bigram       000000
__Lbss                                       bss          000000
__LbssBANK0                                  bssBANK0     000000
__LbssCOMRAM                                 bssCOMRAM    000000
__Lcinit                                     cinit        000000
__Lclrtext                                   clrtext      000000
__Lcomram                                    comram       000000
__Lconfig                                    config       000000
__Lconst                                     const        000000
__LcstackBANK0                               cstackBANK0  000000
__LcstackCOMRAM                              cstackCOMRAM 000000
__Ldata                                      data         000000
__LdataBANK0                                 dataBANK0    000000
__LdataCOMRAM                                dataCOMRAM   000000
__Leeprom_data                               eeprom_data  000000
__Lfarbss                                    farbss       000000
__Lfardata                                   fardata      000000
__Libigdata                                  ibigdata     000000
__Lidata                                     idata        000000
__LidataBANK0                                idataBANK0   000000
__LidataCOMRAM                               idataCOMRAM  000000
__Lidloc                                     idloc        000000
__Lifardata                                  ifardata     000000
__Linit                                      init         000000
__Lintcode                                   intcode      000000
__Lintcode_body                              intcode_body 000000
__Lintcodelo                                 intcodelo    000000
__Lintentry                                  intentry     000000
__Lintret                                    intret       000000
__Lintsave_regs                              intsave_regs 000000
__Lirdata                                    irdata       000000
__Lmediumconst                               mediumconst  00FC4C
__LnvFARRAM                                  nvFARRAM     000000
__Lnvbit                                     nvbit        000000
__Lnvrram                                    nvrram       000000
__Lparam                                     rparam       000000
__Lpowerup                                   powerup      000000
__Lram                                       ram          000000
__Lramtop                                    ramtop       001000
__Lrbit                                      rbit         000000
__Lrbss                                      rbss         000000
__Lrdata                                     rdata        000000
__Lreset_vec                                 reset_vec    000000
__Lrparam                                    rparam       000000
__Lsfr                                       sfr          000000
__Lsmallconst                                smallconst   000000
__Lspace_0                                   (abs)        000000
__Lspace_1                                   (abs)        000000
__Lspace_2                                   (abs)        000000
__Lspace_4                                   (abs)        000000
__Lstack                                     stack        000000
__Lstruct                                    struct       000000
__Ltemp                                      temp         000000
__Ltext                                      text         000000
__Ltext0                                     text0        000000
__Ltext1                                     text1        000000
__Ltext10                                    text10       000000
__Ltext11                                    text11       000000
__Ltext12                                    text12       000000
__Ltext13                                    text13       000000
__Ltext14                                    text14       000000
__Ltext15                                    text15       000000
__Ltext16                                    text16       000000
__Ltext17                                    text17       000000
__Ltext18                                    text18       000000
__Ltext19                                    text19       000000
__Ltext2                                     text2        000000
__Ltext20                                    text20       000000
__Ltext21                                    text21       000000
__Ltext22                                    text22       000000
__Ltext23                                    text23       000000
__Ltext24                                    text24       000000
__Ltext25                                    text25       000000
__Ltext26                                    text26       000000
__Ltext27                                    text27       000000
__Ltext28                                    text28       000000
__Ltext29                                    text29       000000
__Ltext3                                     text3        000000
__Ltext30                                    text30       000000
__Ltext31                                    text31       000000
__Ltext32                                    text32       000000
__Ltext33                                    text33       000000
__Ltext34                                    text34       000000
__Ltext35                                    text35       000000
__Ltext36                                    text36       000000
__Ltext37                                    text37       000000
__Ltext38                                    text38       000000
__Ltext39                                    text39       000000
__Ltext4                                     text4        000000
__Ltext40                                    text40       000000
__Ltext41                                    text41       000000
__Ltext42                                    text42       000000
__Ltext43                                    text43       000000
__Ltext44                                    text44       000000
__Ltext45                                    text45       000000
__Ltext46                                    text46       000000
__Ltext47                                    text47       000000
__Ltext48                                    text48       000000
__Ltext49                                    text49       000000
__Ltext5                                     text5        000000
__Ltext50                                    text50       000000
__Ltext51                                    text51       000000
__Ltext52                                    text52       000000
__Ltext53                                    text53       000000
__Ltext54                                    text54       000000
__Ltext55                                    text55       000000
__Ltext56                                    text56       000000
__Ltext57                                    text57       000000
__Ltext58                                    text58       000000
__Ltext59                                    text59       000000
__Ltext6                                     text6        000000
__Ltext60                                    text60       000000
__Ltext61                                    text61       000000
__Ltext62                                    text62       000000
__Ltext63                                    text63       000000
__Ltext64                                    text64       000000
__Ltext65                                    text65       000000
__Ltext7                                     text7        000000
__Ltext8                                     text8        000000
__Ltext9                                     text9        000000
__S0                                         (abs)        010000
__S1                                         (abs)        0000CB
__S2                                         (abs)        000000
__S4                                         (abs)        000000
__S5                                         (abs)        000000
___awdiv                                     text10       00DAB8
___awdiv@counter                             cstackCOMRAM 00000B
___awdiv@dividend                            cstackCOMRAM 000007
___awdiv@divisor                             cstackCOMRAM 000009
___awdiv@quotient                            cstackCOMRAM 00000D
___awdiv@sign                                cstackCOMRAM 00000C
___awmod                                     text9        00D952
___awmod@counter                             cstackCOMRAM 000005
___awmod@dividend                            cstackCOMRAM 000001
___awmod@divisor                             cstackCOMRAM 000003
___awmod@sign                                cstackCOMRAM 000006
___fladd                                     text20       00E9EC
___fladd@a                                   cstackCOMRAM 00003B
___fladd@aexp                                cstackCOMRAM 000044
___fladd@b                                   cstackCOMRAM 000037
___fladd@bexp                                cstackCOMRAM 000045
___fladd@grs                                 cstackCOMRAM 000046
___fladd@signs                               cstackCOMRAM 000043
___fldiv                                     text38       00E764
___fldiv@a                                   cstackCOMRAM 000013
___fldiv@aexp                                cstackCOMRAM 000027
___fldiv@b                                   cstackCOMRAM 00000F
___fldiv@bexp                                cstackCOMRAM 000026
___fldiv@grs                                 cstackCOMRAM 000022
___fldiv@new_exp                             cstackCOMRAM 000020
___fldiv@rem                                 cstackCOMRAM 00001B
___fldiv@sign                                cstackCOMRAM 00001F
___fleq                                      text23       00DB3C
___fleq@ff1                                  cstackCOMRAM 000001
___fleq@ff2                                  cstackCOMRAM 000005
___flge                                      text22       00DD4C
___flge@ff1                                  cstackCOMRAM 000001
___flge@ff2                                  cstackCOMRAM 000005
___flmul                                     text27       00ECF8
___flmul@a                                   cstackCOMRAM 000013
___flmul@aexp                                cstackCOMRAM 00001C
___flmul@b                                   cstackCOMRAM 00000F
___flmul@bexp                                cstackCOMRAM 000021
___flmul@grs                                 cstackCOMRAM 00001D
___flmul@prod                                cstackCOMRAM 000022
___flmul@sign                                cstackCOMRAM 00001B
___flmul@temp                                cstackCOMRAM 000026
___flneg                                     text21       00D46C
___flneg@f1                                  cstackCOMRAM 000001
___flsub                                     text19       00D60A
___flsub@a                                   cstackCOMRAM 00004B
___flsub@b                                   cstackCOMRAM 000047
___fltol                                     text26       00DBC6
___fltol@exp1                                cstackCOMRAM 00003A
___fltol@f1                                  cstackCOMRAM 000031
___fltol@sign1                               cstackCOMRAM 000039
___inthi_sp                                  stack        000000
___intlo_sp                                  stack        000000
___lbdiv                                     text14       00D508
___lbdiv@counter                             cstackCOMRAM 000007
___lbdiv@dividend                            cstackCOMRAM 000006
___lbdiv@divisor                             cstackCOMRAM 000005
___lbdiv@quotient                            cstackCOMRAM 000008
___lbmod                                     text13       00D3BC
___lbmod@counter                             cstackCOMRAM 000003
___lbmod@dividend                            cstackCOMRAM 000002
___lbmod@divisor                             cstackCOMRAM 000001
___lbmod@rem                                 cstackCOMRAM 000004
___lldiv                                     text64       00DA36
___lldiv@counter                             cstackCOMRAM 00000D
___lldiv@dividend                            cstackCOMRAM 000001
___lldiv@divisor                             cstackCOMRAM 000005
___lldiv@quotient                            cstackCOMRAM 000009
___llmod                                     text18       00D8EC
___llmod@counter                             cstackCOMRAM 000016
___llmod@dividend                            cstackCOMRAM 00000E
___llmod@divisor                             cstackCOMRAM 000012
___param_bank                                (abs)        000000
___rparam_used                               (abs)        000001
___sp                                        stack        000000
___wmul                                      text17       00D31A
___wmul@multiplicand                         cstackCOMRAM 000003
___wmul@multiplier                           cstackCOMRAM 000001
___wmul@product                              cstackCOMRAM 000005
___xxtofl                                    text37       00E234
___xxtofl@arg                                cstackCOMRAM 00000B
___xxtofl@exp                                cstackCOMRAM 00000A
___xxtofl@sign                               cstackCOMRAM 000009
___xxtofl@val                                cstackCOMRAM 000001
__accesstop                                  (abs)        000060
__activetblptr                               (abs)        000002
__div_to_l_                                  text16       00DE1C
__div_to_l_@cntr                             cstackCOMRAM 00000D
__div_to_l_@exp1                             cstackCOMRAM 00000E
__div_to_l_@f1                               cstackCOMRAM 000001
__div_to_l_@f2                               cstackCOMRAM 000005
__div_to_l_@quot                             cstackCOMRAM 000009
__end_ofCRC16@wCRCTable                      mediumconst  00FE4D
__end_of_BH1750ReadValue                     text44       00D43E
__end_of_BH1750WriteCommand                  text54       00D25E
__end_of_CRC16                               text42       00D828
__end_of_I2C1_Check_Data_Stuck               text65       00D508
__end_of_I2C1_Initialize                     text63       00D7D0
__end_of_I2C1_Read_Byte                      text48       00D31A
__end_of_I2C1_Repeated_Start                 text47       00D1A0
__end_of_I2C1_Start                          text60       00D190
__end_of_I2C1_Stop                           text59       00D198
__end_of_I2C1_Wait                           text61       00D2D0
__end_of_I2C1_Write_Byte_Read_Ack            text58       00D392
__end_of_LoRaClearIRQFlags                   text40       00D1D2
__end_of_LoRaGetFrequency                    text36       00DD4C
__end_of_LoRaGetIRQFlags                     text35       00D1DE
__end_of_LoRaOptimalLoad                     text29       00E4FA
__end_of_LoRaReset                           text28       00D368
__end_of_LoRaSetFrequency                    text25       00DA36
__end_of_LoRaSleepMode                       text32       00D232
__end_of_LoRaStandbyMode                     text31       00D278
__end_of_LoRaStart                           text24       00D8EC
__end_of_LoRaTXData                          text5        00D6E2
__end_of_LoRaTXMode                          text6        00D292
__end_of_SPI2ReadByte                        text39       00D2F4
__end_of_SPI2WriteByte                       text41       00D580
__end_of_USART2_Start                        text62       00D886
__end_of_USART2_Stop                         text3        00D188
__end_of_VEML6075Start                       text56       00D2B0
__end_of___awdiv                             text10       00DB3C
__end_of___awmod                             text9        00D9C2
__end_of___fladd                             text20       00ECF8
__end_of___fldiv                             text38       00E9EC
__end_of___fleq                              text23       00DBC6
__end_of___flge                              text22       00DE1C
__end_of___flmul                             text27       00F024
__end_of___flneg                             text21       00D49A
__end_of___flsub                             text19       00D650
__end_of___fltol                             text26       00DC80
__end_of___lbdiv                             text14       00D542
__end_of___lbmod                             text13       00D3E6
__end_of___lldiv                             text64       00DAB8
__end_of___llmod                             text18       00D952
__end_of___wmul                              text17       00D340
__end_of___xxtofl                            text37       00E374
__end_of__div_to_l_                          text16       00DF10
__end_of__initialization                     cinit        00D722
__end_of__npowers_                           mediumconst  00FEB5
__end_of__powers_                            mediumconst  00FE81
__end_of__tdiv_to_l_                         text15       00E108
__end_of_configureIO                         text51       00D60A
__end_of_disablePeripherals                  text2        00D698
__end_of_dpowers                             mediumconst  00FEFD
__end_of_fround                              text12       00E764
__end_of_hexpowers                           mediumconst  00FED5
__end_of_main                                text0        00E00A
__end_of_printf                              text7        00FC4C
__end_of_putch                               text11       00D20A
__end_of_readBattery                         text50       00D3BC
__end_of_readOpModeRegister                  text34       00D1A8
__end_of_readTemperature                     text49       00D46C
__end_of_readUV                              text45       00D77A
__end_of_readVEML6075                        text46       00D5C4
__end_of_readVisValue                        text43       00D1EC
__end_of_scale                               text8        00F3F4
__end_of_setBH1750Address                    text55       00D21E
__end_of_setBH1750ContinuousHResolutionMode  text53       00D1C6
__end_of_setLoRaMode                         text30       00D246
__end_of_setupAtoD                           text52       00D4CE
__end_of_transmitValues                      text4        00E234
__end_of_turnStuffOff                        text1        00D1BA
__end_of_writeOpModeRegister                 text33       00D1FA
__end_of_writeVEML6075                       text57       00D412
__initialization                             cinit        00D6E2
__mediumconst                                mediumconst  00FC4C
__npowers_                                   mediumconst  00FE81
__pbssBANK0                                  bssBANK0     000060
__pbssCOMRAM                                 bssCOMRAM    00005E
__pcinit                                     cinit        00D6E2
__pcstackBANK0                               cstackBANK0  0000A4
__pcstackCOMRAM                              cstackCOMRAM 000001
__pdataBANK0                                 dataBANK0    0000C3
__pdataCOMRAM                                dataCOMRAM   00005F
__pidataBANK0                                idataBANK0   00D1A8
__pidataCOMRAM                               idataCOMRAM  00D181
__pmediumconst                               mediumconst  00FC4C
__powers_                                    mediumconst  00FE4D
__ptext0                                     text0        00DF10
__ptext1                                     text1        00D1B0
__ptext10                                    text10       00DAB8
__ptext11                                    text11       00D1FA
__ptext12                                    text12       00E4FA
__ptext13                                    text13       00D3BC
__ptext14                                    text14       00D508
__ptext15                                    text15       00E00A
__ptext16                                    text16       00DE1C
__ptext17                                    text17       00D31A
__ptext18                                    text18       00D8EC
__ptext19                                    text19       00D60A
__ptext2                                     text2        00D650
__ptext20                                    text20       00E9EC
__ptext21                                    text21       00D46C
__ptext22                                    text22       00DD4C
__ptext23                                    text23       00DB3C
__ptext24                                    text24       00D886
__ptext25                                    text25       00D9C2
__ptext26                                    text26       00DBC6
__ptext27                                    text27       00ECF8
__ptext28                                    text28       00D340
__ptext29                                    text29       00E374
__ptext3                                     text3        00D182
__ptext30                                    text30       00D232
__ptext31                                    text31       00D25E
__ptext32                                    text32       00D21E
__ptext33                                    text33       00D1EC
__ptext34                                    text34       00D1A0
__ptext35                                    text35       00D1D2
__ptext36                                    text36       00DC80
__ptext37                                    text37       00E234
__ptext38                                    text38       00E764
__ptext39                                    text39       00D2D0
__ptext4                                     text4        00E108
__ptext40                                    text40       00D1C6
__ptext41                                    text41       00D542
__ptext42                                    text42       00D7D0
__ptext43                                    text43       00D1DE
__ptext44                                    text44       00D412
__ptext45                                    text45       00D72C
__ptext46                                    text46       00D580
__ptext47                                    text47       00D198
__ptext48                                    text48       00D2F4
__ptext49                                    text49       00D43E
__ptext5                                     text5        00D698
__ptext50                                    text50       00D392
__ptext51                                    text51       00D5C4
__ptext52                                    text52       00D49A
__ptext53                                    text53       00D1BA
__ptext54                                    text54       00D246
__ptext55                                    text55       00D20A
__ptext56                                    text56       00D292
__ptext57                                    text57       00D3E6
__ptext58                                    text58       00D368
__ptext59                                    text59       00D190
__ptext6                                     text6        00D278
__ptext60                                    text60       00D188
__ptext61                                    text61       00D2B0
__ptext62                                    text62       00D828
__ptext63                                    text63       00D77A
__ptext64                                    text64       00DA36
__ptext65                                    text65       00D4CE
__ptext7                                     text7        00F3F4
__ptext8                                     text8        00F024
__ptext9                                     text9        00D952
__ramtop                                     ramtop       001000
__size_of_BH1750ReadValue                    (abs)        000000
__size_of_BH1750WriteCommand                 (abs)        000000
__size_of_CRC16                              (abs)        000000
__size_of_I2C1_Check_Data_Stuck              (abs)        000000
__size_of_I2C1_Initialize                    (abs)        000000
__size_of_I2C1_Read_Byte                     (abs)        000000
__size_of_I2C1_Repeated_Start                (abs)        000000
__size_of_I2C1_Start                         (abs)        000000
__size_of_I2C1_Stop                          (abs)        000000
__size_of_I2C1_Wait                          (abs)        000000
__size_of_I2C1_Write_Byte_Read_Ack           (abs)        000000
__size_of_LoRaClearIRQFlags                  (abs)        000000
__size_of_LoRaGetFrequency                   (abs)        000000
__size_of_LoRaGetIRQFlags                    (abs)        000000
__size_of_LoRaOptimalLoad                    (abs)        000000
__size_of_LoRaReset                          (abs)        000000
__size_of_LoRaSetFrequency                   (abs)        000000
__size_of_LoRaSleepMode                      (abs)        000000
__size_of_LoRaStandbyMode                    (abs)        000000
__size_of_LoRaStart                          (abs)        000000
__size_of_LoRaTXData                         (abs)        000000
__size_of_LoRaTXMode                         (abs)        000000
__size_of_SPI2ReadByte                       (abs)        000000
__size_of_SPI2WriteByte                      (abs)        000000
__size_of_USART2_Start                       (abs)        000000
__size_of_USART2_Stop                        (abs)        000000
__size_of_VEML6075Start                      (abs)        000000
__size_of___awdiv                            (abs)        000000
__size_of___awmod                            (abs)        000000
__size_of___fladd                            (abs)        000000
__size_of___fldiv                            (abs)        000000
__size_of___fleq                             (abs)        000000
__size_of___flge                             (abs)        000000
__size_of___flmul                            (abs)        000000
__size_of___flneg                            (abs)        000000
__size_of___flsub                            (abs)        000000
__size_of___fltol                            (abs)        000000
__size_of___lbdiv                            (abs)        000000
__size_of___lbmod                            (abs)        000000
__size_of___lldiv                            (abs)        000000
__size_of___llmod                            (abs)        000000
__size_of___wmul                             (abs)        000000
__size_of___xxtofl                           (abs)        000000
__size_of__div_to_l_                         (abs)        000000
__size_of__tdiv_to_l_                        (abs)        000000
__size_of_configureIO                        (abs)        000000
__size_of_disablePeripherals                 (abs)        000000
__size_of_fround                             (abs)        000000
__size_of_main                               (abs)        000000
__size_of_printf                             (abs)        000000
__size_of_putch                              (abs)        000000
__size_of_readBattery                        (abs)        000000
__size_of_readOpModeRegister                 (abs)        000000
__size_of_readTemperature                    (abs)        000000
__size_of_readUV                             (abs)        000000
__size_of_readVEML6075                       (abs)        000000
__size_of_readVisValue                       (abs)        000000
__size_of_scale                              (abs)        000000
__size_of_setBH1750Address                   (abs)        000000
__size_of_setBH1750ContinuousHResolutionMode (abs)        000000
__size_of_setLoRaMode                        (abs)        000000
__size_of_setupAtoD                          (abs)        000000
__size_of_transmitValues                     (abs)        000000
__size_of_turnStuffOff                       (abs)        000000
__size_of_writeOpModeRegister                (abs)        000000
__size_of_writeVEML6075                      (abs)        000000
__smallconst                                 smallconst   000000
__tdiv_to_l_                                 text15       00E00A
__tdiv_to_l_@cntr                            cstackCOMRAM 000010
__tdiv_to_l_@exp1                            cstackCOMRAM 000011
__tdiv_to_l_@f1                              cstackCOMRAM 000001
__tdiv_to_l_@f2                              cstackCOMRAM 000005
__tdiv_to_l_@quot                            cstackCOMRAM 00000C
_address                                     dataBANK0    0000C3
_batt                                        bssBANK0     000066
_bh1750Address                               dataCOMRAM   00005F
_comp1Reading                                bssBANK0     00006C
_comp2Reading                                bssBANK0     00006A
_configureIO                                 text51       00D5C4
_disablePeripherals                          text2        00D650
_dpowers                                     mediumconst  00FED5
_fround                                      text12       00E4FA
_fround$2773                                 cstackCOMRAM 000032
_fround$2774                                 cstackCOMRAM 00002E
_hexpowers                                   mediumconst  00FEB5
_i2cFault                                    bssCOMRAM    00005E
_main                                        text0        00DF10
_messageCount                                bssBANK0     000060
_printf                                      text7        00F3F4
_printf$2776                                 cstackBANK0  0000A4
_putch                                       text11       00D1FA
_readBattery                                 text50       00D392
_readOpModeRegister                          text34       00D1A0
_readTemperature                             text49       00D43E
_readUV                                      text45       00D72C
_readVEML6075                                text46       00D580
_readVisValue                                text43       00D1DE
_scale                                       text8        00F024
_scale$2775                                  cstackCOMRAM 00002C
_setBH1750Address                            text55       00D20A
_setBH1750ContinuousHResolutionMode          text53       00D1BA
_setLoRaMode                                 text30       00D232
_setupAtoD                                   text52       00D49A
_temp                                        bssBANK0     000064
_transmitValues                              text4        00E108
_turnStuffOff                                text1        00D1B0
_txData                                      bssBANK0     000072
_uvaReading                                  bssBANK0     000070
_uvbReading                                  bssBANK0     00006E
_vis                                         bssBANK0     000068
_writeOpModeRegister                         text33       00D1EC
_writeVEML6075                               text57       00D3E6
end_of_initialization                        cinit        00D722
fround@prec                                  cstackCOMRAM 000036
intlevel0                                    text         000000
intlevel1                                    text         000000
intlevel2                                    text         000000
intlevel3                                    text         000000
printf@ap                                    cstackBANK0  0000A9
printf@c                                     cstackBANK0  0000BC
printf@eexp                                  cstackBANK0  0000AE
printf@f                                     cstackCOMRAM 00004F
printf@flag                                  cstackBANK0  0000AA
printf@fval                                  cstackBANK0  0000B8
printf@idx                                   cstackBANK0  0000A8
printf@prec                                  cstackBANK0  0000AC
printf@tmpval                                cstackBANK0  0000B0
printf@val                                   cstackBANK0  0000B4
putch@data                                   cstackCOMRAM 000001
readBattery@result                           cstackCOMRAM 000005
readTemperature@result                       cstackCOMRAM 000005
readVEML6075@address                         cstackCOMRAM 00000B
readVEML6075@command                         cstackCOMRAM 000005
readVEML6075@lsb                             cstackCOMRAM 000009
[...]
      Params:         3       0       0       0       0       0       0       0       0       0       0       0       0       0       0       0       0
      Locals:         1       0       0       0       0       0       0       0       0       0       0       0       0       0       0       0       0
      Temps:          0       0       0       0       0       0       0       0       0       0       0       0       0       0       0       0       0
      Totals:         4       0       0       0       0       0       0       0       0       0       0       0       0       0       0       0       0
Total ram usage:        4 bytes
 Hardware stack levels used:    1
 Hardware stack levels required when called:    2
 This function calls:
		_I2C1_Start
		_I2C1_Stop
		_I2C1_Write_Byte_Read_Ack
 This function is called by:
		_VEML6075Start
 This function uses a non-reentrant model


 *************** function _I2C1_Write_Byte_Read_Ack *****************
 Defined at:
		line 66 in file "i2c1.c"
 Parameters:    Size  Location     Type
  d               1    wreg     unsigned char 
 Auto vars:     Size  Location     Type
  d               1    2[COMRAM] unsigned char 
  tries           1    3[COMRAM] unsigned char 
 Return value:  Size  Location     Type
                  1    wreg      unsigned char 
 Registers used:
		wreg, status,2, status,0, cstack
 Tracked objects:
		On entry : 
		On exit  : 
		Unchanged: 
 Data sizes:     COMRAM   BANK0   BANK1   BANK2   BANK3   BANK4   BANK5   BANK6   BANK7   BANK8   BANK9  BANK10  BANK11  BANK12  BANK13  BANK14  BANK15
      Params:         0       0       0       0       0       0       0       0       0       0       0       0       0       0       0       0       0
      Locals:         2       0       0       0       0       0       0       0       0       0       0       0       0       0       0       0       0
      Temps:          0       0       0       0       0       0       0       0       0       0       0       0       0       0       0       0       0
      Totals:         2       0       0       0       0       0       0       0       0       0       0       0       0       0       0       0       0
Total ram usage:        2 bytes
 Hardware stack levels used:    1
 Hardware stack levels required when called:    1
 This function calls:
		_I2C1_Wait
 This function is called by:
		_writeVEML6075
		_readVEML6075
		_BH1750WriteCommand
		_BH1750ReadValue
 This function uses a non-reentrant model


 *************** function _I2C1_Stop *****************
 Defined at:
		line 78 in file "i2c1.c"
 Parameters:    Size  Location     Type
		None
 Auto vars:     Size  Location     Type
		None
 Return value:  Size  Location     Type
                  1    wreg      void 
 Registers used:
		wreg, status,2, status,0, cstack
 Tracked objects:
		On entry : 
		On exit  : 
		Unchanged: 
 Data sizes:     COMRAM   BANK0   BANK1   BANK2   BANK3   BANK4   BANK5   BANK6   BANK7   BANK8   BANK9  BANK10  BANK11  BANK12  BANK13  BANK14  BANK15
      Params:         0       0       0       0       0       0       0       0       0       0       0       0       0       0       0       0       0
      Locals:         0       0       0       0       0       0       0       0       0       0       0       0       0       0       0       0       0
      Temps:          0       0       0       0       0       0       0       0       0       0       0       0       0       0       0       0       0
      Totals:         0       0       0       0       0       0       0       0       0       0       0       0       0       0       0       0       0
Total ram usage:        0 bytes
 Hardware stack levels used:    1
 Hardware stack levels required when called:    1
 This function calls:
		_I2C1_Wait
 This function is called by:
		_writeVEML6075
		_readVEML6075
		_BH1750WriteCommand
		_BH1750ReadValue
 This function uses a non-reentrant model


 *************** function _I2C1_Start *****************
 Defined at:
		line 52 in file "i2c1.c"
 Parameters:    Size  Location     Type
		None
 Auto vars:     Size  Location     Type
		None
 Return value:  Size  Location     Type
                  1    wreg      void 
 Registers used:
		wreg, status,2, status,0, cstack
 Tracked objects:
		On entry : 
		On exit  : 
		Unchanged: 
 Data sizes:     COMRAM   BANK0   BANK1   BANK2   BANK3   BANK4   BANK5   BANK6   BANK7   BANK8   BANK9  BANK10  BANK11  BANK12  BANK13  BANK14  BANK15
      Params:         0       0       0       0       0       0       0       0       0       0       0       0       0       0       0       0       0
      Locals:         0       0       0       0       0       0       0       0       0       0       0       0       0       0       0       0       0
      Temps:          0       0       0       0       0       0       0       0       0       0       0       0       0       0       0       0       0
      Totals:         0       0       0       0       0       0       0       0       0       0       0       0       0       0       0       0       0
Total ram usage:        0 bytes
 Hardware stack levels used:    1
 Hardware stack levels required when called:    1
 This function calls:
		_I2C1_Wait
 This function is called by:
		_writeVEML6075
		_readVEML6075
		_BH1750WriteCommand
		_BH1750ReadValue
 This function uses a non-reentrant model


 *************** function _I2C1_Wait *****************
 Defined at:
		line 43 in file "i2c1.c"
 Parameters:    Size  Location     Type
		None
 Auto vars:     Size  Location     Type
  tries           1    1[COMRAM] unsigned char 
 Return value:  Size  Location     Type
                  1    wreg      void 
 Registers used:
		wreg, status,2, status,0
 Tracked objects:
		On entry : 
		On exit  : 
		Unchanged: 
 Data sizes:     COMRAM   BANK0   BANK1   BANK2   BANK3   BANK4   BANK5   BANK6   BANK7   BANK8   BANK9  BANK10  BANK11  BANK12  BANK13  BANK14  BANK15
      Params:         0       0       0       0       0       0       0       0       0       0       0       0       0       0       0       0       0
      Locals:         1       0       0       0       0       0       0       0       0       0       0       0       0       0       0       0       0
      Temps:          1       0       0       0       0       0       0       0       0       0       0       0       0       0       0       0       0
      Totals:         2       0       0       0       0       0       0       0       0       0       0       0       0       0       0       0       0
Total ram usage:        2 bytes
 Hardware stack levels used:    1
 This function calls:
		Nothing
 This function is called by:
		_I2C1_Start
		_I2C1_Repeated_Start
		_I2C1_Write_Byte_Read_Ack
		_I2C1_Stop
		_I2C1_Read_Byte
 This function uses a non-reentrant model


 *************** function _USART2_Start *****************
 Defined at:
		line 10 in file "usart2.c"
 Parameters:    Size  Location     Type
  baudrate        1    wreg     const unsigned char 
 Auto vars:     Size  Location     Type
  baudrate        1    0[COMRAM] const unsigned char 
 Return value:  Size  Location     Type
                  1    wreg      void 
 Registers used:
		wreg, status,2, status,0
 Tracked objects:
		On entry : 
		On exit  : 
		Unchanged: 
 Data sizes:     COMRAM   BANK0   BANK1   BANK2   BANK3   BANK4   BANK5   BANK6   BANK7   BANK8   BANK9  BANK10  BANK11  BANK12  BANK13  BANK14  BANK15
      Params:         0       0       0       0       0       0       0       0       0       0       0       0       0       0       0       0       0
      Locals:         1       0       0       0       0       0       0       0       0       0       0       0       0       0       0       0       0
      Temps:          0       0       0       0       0       0       0       0       0       0       0       0       0       0       0       0       0
      Totals:         1       0       0       0       0       0       0       0       0       0       0       0       0       0       0       0       0
Total ram usage:        1 bytes
 Hardware stack levels used:    1
 This function calls:
		Nothing
 This function is called by:
		_configureIO
 This function uses a non-reentrant model


 *************** function _I2C1_Initialize *****************
 Defined at:
		line 13 in file "i2c1.c"
 Parameters:    Size  Location     Type
  c               4   13[COMRAM] const unsigned long 
 Auto vars:     Size  Location     Type
		None
 Return value:  Size  Location     Type
                  1    wreg      void 
 Registers used:
		wreg, status,2, status,0, cstack
 Tracked objects:
		On entry : 
		On exit  : 
		Unchanged: 
 Data sizes:     COMRAM   BANK0   BANK1   BANK2   BANK3   BANK4   BANK5   BANK6   BANK7   BANK8   BANK9  BANK10  BANK11  BANK12  BANK13  BANK14  BANK15
      Params:         4       0       0       0       0       0       0       0       0       0       0       0       0       0       0       0       0
      Locals:         0       0       0       0       0       0       0       0       0       0       0       0       0       0       0       0       0
      Temps:          4       0       0       0       0       0       0       0       0       0       0       0       0       0       0       0       0
      Totals:         8       0       0       0       0       0       0       0       0       0       0       0       0       0       0       0       0
Total ram usage:        8 bytes
 Hardware stack levels used:    1
 Hardware stack levels required when called:    1
 This function calls:
		___lldiv
 This function is called by:
		_configureIO
 This function uses a non-reentrant model


 *************** function ___lldiv *****************
 Defined at:
		line 7 in file "C:\Program Files\Microchip\xc8\v2.31\pic\sources\c90\common\__lldiv.c"
 Parameters:    Size  Location     Type
  dividend        4    0[COMRAM] unsigned long 
  divisor         4    4[COMRAM] unsigned long 
 Auto vars:     Size  Location     Type
  quotient        4    8[COMRAM] unsigned long 
  counter         1   12[COMRAM] unsigned char 
 Return value:  Size  Location     Type
                  4    0[COMRAM] unsigned long 
 Registers used:
		wreg, status,2, status,0
 Tracked objects:
		On entry : 
		On exit  : 
		Unchanged: 
 Data sizes:     COMRAM   BANK0   BANK1   BANK2   BANK3   BANK4   BANK5   BANK6   BANK7   BANK8   BANK9  BANK10  BANK11  BANK12  BANK13  BANK14  BANK15
      Params:         8       0       0       0       0       0       0       0       0       0       0       0       0       0       0       0       0
      Locals:         5       0       0       0       0       0       0       0       0       0       0       0       0       0       0       0       0
      Temps:          0       0       0       0       0       0       0       0       0       0       0       0       0       0       0       0       0
      Totals:        13       0       0       0       0       0       0       0       0       0       0       0       0       0       0       0       0
Total ram usage:       13 bytes
 Hardware stack levels used:    1
 This function calls:
		Nothing
 This function is called by:
		_I2C1_Initialize
		_printf
 This function uses a non-reentrant model


 *************** function _I2C1_Check_Data_Stuck *****************
 Defined at:
		line 26 in file "i2c1.c"
 Parameters:    Size  Location     Type
		None
 Auto vars:     Size  Location     Type
  i               1    1[COMRAM] unsigned char 
 Return value:  Size  Location     Type
                  1    wreg      void 
 Registers used:
		wreg, status,2, status,0
 Tracked objects:
		On entry : 
		On exit  : 
		Unchanged: 
 Data sizes:     COMRAM   BANK0   BANK1   BANK2   BANK3   BANK4   BANK5   BANK6   BANK7   BANK8   BANK9  BANK10  BANK11  BANK12  BANK13  BANK14  BANK15
      Params:         0       0       0       0       0       0       0       0       0       0       0       0       0       0       0       0       0
      Locals:         1       0       0       0       0       0       0       0       0       0       0       0       0       0       0       0       0
      Temps:          1       0       0       0       0       0       0       0       0       0       0       0       0       0       0       0       0
      Totals:         2       0       0       0       0       0       0       0       0       0       0       0       0       0       0       0       0
Total ram usage:        2 bytes
 Hardware stack levels used:    1
 This function calls:
		Nothing
 This function is called by:
		_configureIO
		_readUV
 This function uses a non-reentrant model



MODULE INFORMATION

Module		Function		Class		Link	Load	Size
C:\Program Files\Microchip\xc8\v2.31\pic\sources\c90\common\flneg.c
		___flneg       		CODE           	D46C	0000	46

C:\Program Files\Microchip\xc8\v2.31\pic\sources\c90\common\flneg.c estimated size: 46

C:\Program Files\Microchip\xc8\v2.31\pic\sources\c90\common\flge.c
		___flge        		CODE           	DD4C	0000	208

C:\Program Files\Microchip\xc8\v2.31\pic\sources\c90\common\flge.c estimated size: 208

C:\Program Files\Microchip\xc8\v2.31\pic\sources\c90\common\lbdiv.c
		___lbdiv       		CODE           	D508	0000	58

C:\Program Files\Microchip\xc8\v2.31\pic\sources\c90\common\lbdiv.c estimated size: 58

C:\Program Files\Microchip\xc8\v2.31\pic\sources\c90\common\sprcmul.c
		___flmul       		CODE           	ECF8	0000	812

C:\Program Files\Microchip\xc8\v2.31\pic\sources\c90\common\sprcmul.c estimated size: 812

C:\Program Files\Microchip\xc8\v2.31\pic\sources\c90\common\__lldiv.c
		___lldiv       		CODE           	DA36	0000	130

C:\Program Files\Microchip\xc8\v2.31\pic\sources\c90\common\__lldiv.c estimated size: 130

C:\Program Files\Microchip\xc8\v2.31\pic\sources\c90\common\sprcdiv.c
		___fldiv       		CODE           	E764	0000	648

C:\Program Files\Microchip\xc8\v2.31\pic\sources\c90\common\sprcdiv.c estimated size: 648

CRC16.c
		_CRC16         		CODE           	D7D0	0000	88

CRC16.c estimated size: 88

C:\Program Files\Microchip\xc8\v2.31\pic\sources\c90\common\doprnt.c
		_scale         		CODE           	F024	0000	976
		_printf        		CODE           	F3F4	0000	2136
		_fround        		CODE           	E4FA	0000	618

C:\Program Files\Microchip\xc8\v2.31\pic\sources\c90\common\doprnt.c estimated size: 3730

C:\Program Files\Microchip\xc8\v2.31\pic\sources\c90\common\ftdivl.c
		__tdiv_to_l_   		CODE           	E00A	0000	254

C:\Program Files\Microchip\xc8\v2.31\pic\sources\c90\common\ftdivl.c estimated size: 254

C:\Program Files\Microchip\xc8\v2.31\pic\sources\c90\common\awmod.c
		___awmod       		CODE           	D952	0000	112

C:\Program Files\Microchip\xc8\v2.31\pic\sources\c90\common\awmod.c estimated size: 112

C:\Program Files\Microchip\xc8\v2.31\pic\sources\c90\common\Umul16.c
		___wmul        		CODE           	D31A	0000	38

C:\Program Files\Microchip\xc8\v2.31\pic\sources\c90\common\Umul16.c estimated size: 38

LoRa.c
		_LoRaStart     		CODE           	D886	0000	102
		_setLoRaMode   		CODE           	D232	0000	20
		_readOpModeRegister		CODE           	D1A0	0000	8
		_LoRaGetFrequency		CODE           	DC80	0000	204
		_LoRaReset     		CODE           	D340	0000	40
		_LoRaSetFrequency		CODE           	D9C2	0000	116
		_LoRaSleepMode 		CODE           	D21E	0000	20
		_writeOpModeRegister		CODE           	D1EC	0000	14
		_LoRaGetIRQFlags		CODE           	D1D2	0000	12
		_LoRaOptimalLoad		CODE           	E374	0000	390
		_LoRaStandbyMode		CODE           	D25E	0000	26
		_LoRaClearIRQFlags		CODE           	D1C6	0000	12
		_LoRaTXData    		CODE           	D698	0000	74
		_SPI2WriteByte 		CODE           	D542	0000	62
		_SPI2ReadByte  		CODE           	D2D0	0000	36
		_LoRaTXMode    		CODE           	D278	0000	26

LoRa.c estimated size: 1162

C:\Program Files\Microchip\xc8\v2.31\pic\sources\c90\common\llmod.c
		___llmod       		CODE           	D8EC	0000	102

C:\Program Files\Microchip\xc8\v2.31\pic\sources\c90\common\llmod.c estimated size: 102

C:\Program Files\Microchip\xc8\v2.31\pic\sources\c90\common\sprcadd.c
		___flsub       		CODE           	D60A	0000	70
		___fladd       		CODE           	E9EC	0000	780

C:\Program Files\Microchip\xc8\v2.31\pic\sources\c90\common\sprcadd.c estimated size: 850

BH1750.c
		_BH1750WriteCommand		CODE           	D246	0000	24
		_setBH1750Address		CODE           	D20A	0000	20
		_setBH1750ContinuousHResolutionMode		CODE           	D1BA	0000	12
		_BH1750ReadValue		CODE           	D412	0000	44

BH1750.c estimated size: 100

C:\Program Files\Microchip\xc8\v2.31\pic\sources\c90\common\fleq.c
		___fleq        		CODE           	DB3C	0000	138

C:\Program Files\Microchip\xc8\v2.31\pic\sources\c90\common\fleq.c estimated size: 138

C:\Program Files\Microchip\xc8\v2.31\pic\sources\c90\common\fldivl.c
		__div_to_l_    		CODE           	DE1C	0000	244

C:\Program Files\Microchip\xc8\v2.31\pic\sources\c90\common\fldivl.c estimated size: 244

i2c1.c
		_I2C1_Wait     		CODE           	D2B0	0000	32
		_I2C1_Read_Byte		CODE           	D2F4	0000	38
		_I2C1_Check_Data_Stuck		CODE           	D4CE	0000	58
		_I2C1_Write_Byte_Read_Ack		CODE           	D368	0000	42
		_I2C1_Repeated_Start		CODE           	D198	0000	8
		_I2C1_Initialize		CODE           	D77A	0000	86
		_I2C1_Stop     		CODE           	D190	0000	8
		_I2C1_Start    		CODE           	D188	0000	8

i2c1.c estimated size: 280

C:\Program Files\Microchip\xc8\v2.31\pic\sources\c90\common\awdiv.c
		___awdiv       		CODE           	DAB8	0000	132

C:\Program Files\Microchip\xc8\v2.31\pic\sources\c90\common\awdiv.c estimated size: 132

uv.c
		_readUV        		CODE           	D72C	0000	78

uv.c estimated size: 78

shared
		__powers_      		MEDIUMCONST    	FE4D	0000	52
		_dpowers       		MEDIUMCONST    	FED5	0000	40
		CRC16@wCRCTable		MEDIUMCONST    	FC4D	0000	512
		__npowers_     		MEDIUMCONST    	FE81	0000	52
		__initialization		CODE           	D6E2	0000	64
		_hexpowers     		MEDIUMCONST    	FEB5	0000	32

shared estimated size: 752

C:\Program Files\Microchip\xc8\v2.31\pic\sources\c90\common\fltol.c
		___fltol       		CODE           	DBC6	0000	186

C:\Program Files\Microchip\xc8\v2.31\pic\sources\c90\common\fltol.c estimated size: 186

C:\Program Files\Microchip\xc8\v2.31\pic\sources\c90\common\xxtofl.c
		___xxtofl      		CODE           	E234	0000	320

C:\Program Files\Microchip\xc8\v2.31\pic\sources\c90\common\xxtofl.c estimated size: 320

C:\Program Files\Microchip\xc8\v2.31\pic\sources\c90\common\lbmod.c
		___lbmod       		CODE           	D3BC	0000	42

C:\Program Files\Microchip\xc8\v2.31\pic\sources\c90\common\lbmod.c estimated size: 42

usart2.c
		_putch         		CODE           	D1FA	0000	16
		_USART2_Stop   		CODE           	D182	0000	6
		_USART2_Start  		CODE           	D828	0000	94

usart2.c estimated size: 116

VEML6075.c
		_VEML6075Start 		CODE           	D292	0000	30
		_readVEML6075  		CODE           	D580	0000	68
		_writeVEML6075 		CODE           	D3E6	0000	44

VEML6075.c estimated size: 142

main.c
		_configureIO   		CODE           	D5C4	0000	70
		_transmitValues		CODE           	E108	0000	300
		_main          		CODE           	DF10	0000	250
		_readVisValue  		CODE           	D1DE	0000	14
		_readBattery   		CODE           	D392	0000	42
		_disablePeripherals		CODE           	D650	0000	72
		_turnStuffOff  		CODE           	D1B0	0000	10
		_setupAtoD     		CODE           	D49A	0000	52
		_readTemperature		CODE           	D43E	0000	46

main.c estimated size: 856

